#
# A fatal error has been detected by the Java Runtime Environment:
#
#  EXCEPTION_ACCESS_VIOLATION (0xc0000005) at pc=0x00007ff8c1086918, pid=20736, tid=32332
#
# JRE version: Java(TM) SE Runtime Environment (21.0.6+8) (build 21.0.6+8-LTS-188)
# Java VM: Java HotSpot(TM) 64-Bit Server VM (21.0.6+8-LTS-188, mixed mode, sharing, tiered, compressed oops, compressed class ptrs, g1 gc, windows-amd64)
# Problematic frame:
# C  [jdwp.dll+0x26918]
#
# No core dump will be written. Minidumps are not enabled by default on client versions of Windows
#
# If you would like to submit a bug report, please visit:
#   https://bugreport.java.com/bugreport/crash.jsp
# The crash happened outside the Java Virtual Machine in native code.
# See problematic frame for where to report the bug.
#

---------------  S U M M A R Y ------------

Command Line: -Ddebugger.agent.enable.coroutines=true -Dkotlinx.coroutines.debug.enable.creation.stack.trace=false -Dkotlinx.coroutines.debug.enable.flows.stack.trace=true -Dkotlinx.coroutines.debug.enable.mutable.state.flows.stack.trace=true -agentlib:jdwp=transport=dt_socket,server=n,suspend=y,address=127.0.0.1:52447 -javaagent:C:\Users\DELL\Desktop\IDEA-Dev\IDEA-Dev\ideaIU-2024.3.2.2\plugins\java\lib\rt\debugger-agent.jar -Dfile.encoding=UTF-8 -Duser.country=CN -Duser.language=zh -Duser.variant com.csse3200.game.desktop.DesktopLauncher

Host: Intel(R) Core(TM) Ultra 7 155H, 22 cores, 15G,  Windows 11 , 64 bit Build 26100 (10.0.26100.9168)
Time: Mon Aug 31 20:53:37 2026  Windows 11 , 64 bit Build 26100 (10.0.26100.9168) elapsed time: 0.912542 seconds (0d 0h 0m 0s)

---------------  T H R E A D  ---------------

Current thread (0x000001f300363970):  JavaThread "main"             [_thread_in_native, id=32332, stack(0x000000d45a800000,0x000000d45a900000) (1024K)]

Stack: [0x000000d45a800000,0x000000d45a900000],  sp=0x000000d45a8fb4e8,  free space=1005k
Native frames: (J=compiled Java code, j=interpreted, Vv=VM code, C=native code)
C  [jdwp.dll+0x26918]

Java frames: (J=compiled Java code, j=interpreted, Vv=VM code)
j  org.lwjgl.system.jemalloc.JEmalloc.nje_malloc(J)J+0
j  org.lwjgl.system.jemalloc.JEmalloc.<clinit>()V+44
v  ~StubRoutines::call_stub 0x000001f3118c100d
j  org.lwjgl.system.jemalloc.JEmallocAllocator.<clinit>()V+0
v  ~StubRoutines::call_stub 0x000001f3118c100d
j  java.lang.Class.forName0(Ljava/lang/String;ZLjava/lang/ClassLoader;Ljava/lang/Class;)Ljava/lang/Class;+0 java.base@21.0.6
j  java.lang.Class.forName(Ljava/lang/String;Ljava/lang/Class;)Ljava/lang/Class;+19 java.base@21.0.6
j  java.lang.Class.forName(Ljava/lang/String;)Ljava/lang/Class;+6 java.base@21.0.6
j  org.lwjgl.system.MemoryManage.getInstance()Lorg/lwjgl/system/MemoryUtil$MemoryAllocator;+68
j  org.lwjgl.system.MemoryUtil$LazyInit.<clinit>()V+0
v  ~StubRoutines::call_stub 0x000001f3118c100d
j  org.lwjgl.system.MemoryUtil.getAllocator(Z)Lorg/lwjgl/system/MemoryUtil$MemoryAllocator;+10
j  org.lwjgl.system.MemoryUtil.getAllocator()Lorg/lwjgl/system/MemoryUtil$MemoryAllocator;+1
j  org.lwjgl.system.Callback.<clinit>()V+217
v  ~StubRoutines::call_stub 0x000001f3118c100d
j  com.badlogic.gdx.backends.lwjgl3.Lwjgl3Application.initializeGlfw()V+21
j  com.badlogic.gdx.backends.lwjgl3.Lwjgl3Application.<init>(Lcom/badlogic/gdx/ApplicationListener;Lcom/badlogic/gdx/backends/lwjgl3/Lwjgl3ApplicationConfiguration;)V+82
j  com.csse3200.game.desktop.DesktopLauncher.main([Ljava/lang/String;)V+20
v  ~StubRoutines::call_stub 0x000001f3118c100d

siginfo: EXCEPTION_ACCESS_VIOLATION (0xc0000005), reading address 0xffffffffffffffff


Registers:
RAX=0x000001f36862b2a0, RBX=0x000001f3228c7f70, RCX=0x000001f300363d28, RDX=0x000001f3228c7f70
RSP=0x000000d45a8fb4e8, RBP=0x0000000000000002, RSI=0x000000d45a8fb590, RDI=0x000001f300363d28
R8 =0x0000000000010002, R9 =0x0000000000000000, R10=0x00007ff8cb1e0000, R11=0x000000d45a8fb4b8
R12=0x0000000000000007, R13=0x000001f3228c7f70, R14=0x00007ff8c1090400, R15=0x0000000000000000
RIP=0x00007ff8c1086918, EFLAGS=0x0000000000010202


Register to memory mapping:

RAX=0x000001f36862b2a0 points into unknown readable memory: 0x0000000000000000 | 00 00 00 00 00 00 00 00
RBX=0x000001f3228c7f70 points into unknown readable memory: 0x000000071720a690 | 90 a6 20 17 07 00 00 00
RCX=0x000001f300363d28 points into unknown readable memory: 0x000001f36862b2a0 | a0 b2 62 68 f3 01 00 00
RDX=0x000001f3228c7f70 points into unknown readable memory: 0x000000071720a690 | 90 a6 20 17 07 00 00 00
RSP=0x000000d45a8fb4e8 is pointing into the stack for thread: 0x000001f300363970
RBP=0x0000000000000002 is an unknown value
RSI=0x000000d45a8fb590 is pointing into the stack for thread: 0x000001f300363970
RDI=0x000001f300363d28 points into unknown readable memory: 0x000001f36862b2a0 | a0 b2 62 68 f3 01 00 00
R8 =0x0000000000010002 is an unknown value
R9 =0x0 is null
R10=0x00007ff8cb1e0000 VCRUNTIME140.dll
R11=0x000000d45a8fb4b8 is pointing into the stack for thread: 0x000001f300363970
R12=0x0000000000000007 is an unknown value
R13=0x000001f3228c7f70 points into unknown readable memory: 0x000000071720a690 | 90 a6 20 17 07 00 00 00
R14=0x00007ff8c1090400 jdwp.dll
R15=0x0 is null

Top of Stack: (sp=0x000000d45a8fb4e8)
0x000000d45a8fb4e8:   00007ff8c10761bf 000001f3228c7f70
0x000000d45a8fb4f8:   000000d45a8fb590 0000000000000000
0x000000d45a8fb508:   0000000000000000 000001f3224d64a0
0x000000d45a8fb518:   0000000000000020 000001f30033b860
0x000000d45a8fb528:   00007ff8c1090428 000001f300363f40
0x000000d45a8fb538:   00007ff8c107283f 000001f3228c7f70
0x000000d45a8fb548:   0000000000000002 000001f300363d28
0x000000d45a8fb558:   000001f3228c7f78 000001f3224f76b0
0x000000d45a8fb568:   00007fffbb7b5885 000001f3229a8a98
0x000000d45a8fb578:   000001f3224f76b0 0000000000000000
0x000000d45a8fb588:   0000000bffffffff 0000000000000007
0x000000d45a8fb598:   000001f3228c7f70 0000000000000000
0x000000d45a8fb5a8:   000001f3228c7f78 0000000000000000
0x000000d45a8fb5b8:   0000000000000000 0000000000000000
0x000000d45a8fb5c8:   0000000000000000 0000000000000000
0x000000d45a8fb5d8:   0000000000000000 0000000000000000
0x000000d45a8fb5e8:   000001f300363f40 000001f32401eee0
0x000000d45a8fb5f8:   00007fffbbaa90f7 000001f3228c7f78
0x000000d45a8fb608:   000001f322a7e520 000001f300363970
0x000000d45a8fb618:   00000000000003d8 0000000000000000
0x000000d45a8fb628:   000001f30041b740 000000d45a8fb7a0
0x000000d45a8fb638:   0000000000000005 000001f32401eee0
0x000000d45a8fb648:   00007fffbb7b3922 0000cfcdbaec6e56
0x000000d45a8fb658:   000001f323613f68 000001f30034f0e0
0x000000d45a8fb668:   000001f300363fd0 000001f300363fe0
0x000000d45a8fb678:   000001f3003643b8 00000000000003d8
0x000000d45a8fb688:   000001f300363970 000001f300363970
0x000000d45a8fb698:   000001f30034f2a0 000001f3003643c0
0x000000d45a8fb6a8:   000001f300364430 000001f3003644a8
0x000000d45a8fb6b8:   00000000000000d8 000000d45a8fb6d0
0x000000d45a8fb6c8:   00007fffbbbba0e3 000001f300363970
0x000000d45a8fb6d8:   000001f30034f2a0 000001f3003643c0 

Instructions: (pc=0x00007ff8c1086918)
0x00007ff8c1086818:   05 e3 08 01 00 48 8b 03 48 8b d7 4d 8b 40 30 48
0x00007ff8c1086828:   8b cb 48 8b 5c 24 30 48 83 c4 20 5f 48 ff a0 00
0x00007ff8c1086838:   01 00 00 cc 48 89 5c 24 08 57 48 83 ec 20 48 8b
0x00007ff8c1086848:   f9 e8 f2 ea ff ff 4c 8b 05 ab 08 01 00 48 8b d8
0x00007ff8c1086858:   41 f6 80 10 02 00 00 02 74 33 41 b8 20 06 00 00
0x00007ff8c1086868:   48 8d 15 19 c4 00 00 48 8d 0d 8e 5b 00 00 e8 d9
0x00007ff8c1086878:   48 ff ff 48 8d 15 56 9a 00 00 48 8d 0d 8f 5b 00
0x00007ff8c1086888:   00 e8 6e 49 ff ff 4c 8b 05 6b 08 01 00 48 8b 03
0x00007ff8c1086898:   48 8b d7 4d 8b 40 38 48 8b cb 48 8b 5c 24 30 48
0x00007ff8c10868a8:   83 c4 20 5f 48 ff a0 00 01 00 00 cc 48 89 5c 24
0x00007ff8c10868b8:   08 57 48 83 ec 20 48 8b f9 e8 7a ea ff ff 48 8b
0x00007ff8c10868c8:   15 33 08 01 00 48 8b d8 f6 82 10 02 00 00 02 74
0x00007ff8c10868d8:   2c 41 b8 12 06 00 00 48 8d 15 a2 c3 00 00 48 8d
0x00007ff8c10868e8:   0d 17 5b 00 00 e8 62 48 ff ff 48 8d 15 f7 6b 00
0x00007ff8c10868f8:   00 48 8d 0d 18 5b 00 00 e8 f7 48 ff ff 48 8b 03
0x00007ff8c1086908:   48 8b d7 48 8b cb 48 8b 5c 24 30 48 83 c4 20 5f
0x00007ff8c1086918:   48 ff a0 50 07 00 00 cc 48 89 5c 24 08 48 89 74
0x00007ff8c1086928:   24 10 48 89 7c 24 18 41 56 48 83 ec 20 4c 63 f2
0x00007ff8c1086938:   49 8b d8 48 8b d1 41 8b f9 48 8b cb 4d 8d 46 ff
0x00007ff8c1086948:   ff 15 22 59 00 00 85 c0 75 3c 41 0f be 44 1e ff
0x00007ff8c1086958:   3b c7 75 32 49 03 de eb 10 0f be c8 ff 15 f6 58
0x00007ff8c1086968:   00 00 85 c0 74 09 48 ff c3 8a 03 84 c0 75 ea 80
0x00007ff8c1086978:   3b 3b 74 12 8b d7 48 8b cb e8 2c 4b 00 00 48 85
0x00007ff8c1086988:   c0 0f 94 c0 eb 02 32 c0 48 8b 5c 24 30 48 8b 74
0x00007ff8c1086998:   24 38 48 8b 7c 24 40 48 83 c4 20 41 5e c3 cc cc
0x00007ff8c10869a8:   0f b6 d1 83 fa 1e 0f 87 83 00 00 00 74 7b 83 fa
0x00007ff8c10869b8:   07 77 41 74 39 83 ea 01 74 2e 83 ea 01 74 23 83
0x00007ff8c10869c8:   ea 01 74 18 83 ea 01 74 0d 83 fa 02 0f 85 8a 00
0x00007ff8c10869d8:   00 00 8d 42 03 c3 b8 04 00 00 00 c3 b8 03 00 00
0x00007ff8c10869e8:   00 c3 b8 02 00 00 00 c3 b8 01 00 00 00 c3 b8 06
0x00007ff8c10869f8:   00 00 00 c3 b8 08 00 00 00 2b d0 74 26 83 ea 01
0x00007ff8c1086a08:   0f 84 88 00 00 00 83 ea 01 74 12 b8 0a 00 00 00 


Stack slot to memory mapping:

stack at sp + 0 slots: 0x00007ff8c10761bf jdwp.dll
stack at sp + 1 slots: 0x000001f3228c7f70 points into unknown readable memory: 0x000000071720a690 | 90 a6 20 17 07 00 00 00
stack at sp + 2 slots: 0x000000d45a8fb590 is pointing into the stack for thread: 0x000001f300363970
stack at sp + 3 slots: 0x0 is null
stack at sp + 4 slots: 0x0 is null
stack at sp + 5 slots: 0x000001f3224d64a0 points into unknown readable memory: 0x000001f30033b7f0 | f0 b7 33 00 f3 01 00 00
stack at sp + 6 slots: 0x0000000000000020 is an unknown value
stack at sp + 7 slots: 0x000001f30033b860 points into unknown readable memory: 0x8000001200000001 | 01 00 00 00 12 00 00 80


---------------  P R O C E S S  ---------------

Threads class SMR info:
_java_thread_list=0x000001f322a61ed0, length=16, elements={
0x000001f300363970, 0x000001f3224efc90, 0x000001f3224f08e0, 0x000001f3224fb3b0,
0x000001f3224fc4f0, 0x000001f3224fdbe0, 0x000001f3224fe760, 0x000001f3228aff10,
0x000001f3228b0ad0, 0x000001f3229adda0, 0x000001f322a49f30, 0x000001f322b86660,
0x000001f322bf61e0, 0x000001f322bf6860, 0x000001f322bac7a0, 0x000001f3681f86a0
}

Java Threads: ( => current thread )
=>0x000001f300363970 JavaThread "main"                              [_thread_in_native, id=32332, stack(0x000000d45a800000,0x000000d45a900000) (1024K)]
  0x000001f3224efc90 JavaThread "Reference Handler"          daemon [_thread_blocked, id=12228, stack(0x000000d45b000000,0x000000d45b100000) (1024K)]
  0x000001f3224f08e0 JavaThread "Finalizer"                  daemon [_thread_blocked, id=17616, stack(0x000000d45b100000,0x000000d45b200000) (1024K)]
  0x000001f3224fb3b0 JavaThread "Signal Dispatcher"          daemon [_thread_blocked, id=30864, stack(0x000000d45b200000,0x000000d45b300000) (1024K)]
  0x000001f3224fc4f0 JavaThread "Attach Listener"            daemon [_thread_blocked, id=36896, stack(0x000000d45b300000,0x000000d45b400000) (1024K)]
  0x000001f3224fdbe0 JavaThread "Service Thread"             daemon [_thread_blocked, id=10996, stack(0x000000d45b400000,0x000000d45b500000) (1024K)]
  0x000001f3224fe760 JavaThread "Monitor Deflation Thread"   daemon [_thread_blocked, id=34544, stack(0x000000d45b500000,0x000000d45b600000) (1024K)]
  0x000001f3228aff10 JavaThread "C2 CompilerThread0"         daemon [_thread_blocked, id=18588, stack(0x000000d45b600000,0x000000d45b700000) (1024K)]
  0x000001f3228b0ad0 JavaThread "C1 CompilerThread0"         daemon [_thread_blocked, id=14752, stack(0x000000d45b700000,0x000000d45b800000) (1024K)]
  0x000001f3229adda0 JavaThread "C1 CompilerThread1"         daemon [_thread_blocked, id=15028, stack(0x000000d45b800000,0x000000d45b900000) (1024K)]
  0x000001f322a49f30 JavaThread "Common-Cleaner"             daemon [_thread_blocked, id=29360, stack(0x000000d45b900000,0x000000d45ba00000) (1024K)]
  0x000001f322b86660 JavaThread "JDWP Transport Listener: dt_socket" daemon [_thread_blocked, id=12928, stack(0x000000d45bb00000,0x000000d45bc00000) (1024K)]
  0x000001f322bf61e0 JavaThread "JDWP Event Helper Thread"   daemon [_thread_blocked, id=24228, stack(0x000000d45bc00000,0x000000d45bd00000) (1024K)]
  0x000001f322bf6860 JavaThread "JDWP Command Reader"        daemon [_thread_in_native, id=37044, stack(0x000000d45bd00000,0x000000d45be00000) (1024K)]
  0x000001f322bac7a0 JavaThread "Notification Thread"        daemon [_thread_blocked, id=33136, stack(0x000000d45ba00000,0x000000d45bb00000) (1024K)]
  0x000001f3681f86a0 JavaThread "C2 CompilerThread1"         daemon [_thread_blocked, id=29884, stack(0x000000d45be00000,0x000000d45bf00000) (1024K)]
Total: 16

Other Threads:
  0x000001f3224d05c0 VMThread "VM Thread"                           [id=38356, stack(0x000000d45af00000,0x000000d45b000000) (1024K)]
  0x000001f3224ba950 WatcherThread "VM Periodic Task Thread"        [id=24976, stack(0x000000d45ae00000,0x000000d45af00000) (1024K)]
  0x000001f300763f20 WorkerThread "GC Thread#0"                     [id=35232, stack(0x000000d45a900000,0x000000d45aa00000) (1024K)]
  0x000001f300774750 ConcurrentGCThread "G1 Main Marker"            [id=24828, stack(0x000000d45aa00000,0x000000d45ab00000) (1024K)]
  0x000001f300776870 WorkerThread "G1 Conc#0"                       [id=30304, stack(0x000000d45ab00000,0x000000d45ac00000) (1024K)]
  0x000001f322385630 ConcurrentGCThread "G1 Refine#0"               [id=5508, stack(0x000000d45ac00000,0x000000d45ad00000) (1024K)]
  0x000001f322387050 ConcurrentGCThread "G1 Service"                [id=27460, stack(0x000000d45ad00000,0x000000d45ae00000) (1024K)]
Total: 7

Threads with active compile tasks:
Total: 0

VM state: not at safepoint (normal execution)

VM Mutex/Monitor currently owned by a thread: None

Heap address: 0x0000000707a00000, size: 3974 MB, Compressed Oops mode: Zero based, Oop shift amount: 3

CDS archive(s) mapped at: [0x000001f323000000-0x000001f323c90000-0x000001f323c90000), size 13172736, SharedBaseAddress: 0x000001f323000000, ArchiveRelocationMode: 1.
Compressed class space mapped at: 0x000001f324000000-0x000001f364000000, reserved size: 1073741824
Narrow klass base: 0x000001f323000000, Narrow klass shift: 0, Narrow klass range: 0x100000000

GC Precious Log:
 CardTable entry size: 512
 Card Set container configuration: InlinePtr #cards 4 size 8 Array Of Cards #cards 16 size 48 Howl #buckets 8 coarsen threshold 3686 Howl Bitmap #cards 512 size 80 coarsen threshold 460 Card regions per heap region 1 cards per card region 4096
 CPUs: 22 total, 22 available
 Memory: 15892M
 Large Page Support: Disabled
 NUMA Support: Disabled
 Compressed Oops: Enabled (Zero based)
 Heap Region Size: 2M
 Heap Min Capacity: 8M
 Heap Initial Capacity: 250M
 Heap Max Capacity: 3974M
 Pre-touch: Disabled
 Parallel Workers: 16
 Concurrent Workers: 4
 Concurrent Refinement Workers: 16
 Periodic GC: Disabled

Heap:
 garbage-first heap   total 256000K, used 12288K [0x0000000707a00000, 0x0000000800000000)
  region size 2048K, 7 young (14336K), 0 survivors (0K)
 Metaspace       used 5056K, committed 5184K, reserved 1114112K
  class space    used 431K, committed 512K, reserved 1048576K

Heap Regions: E=young(eden), S=young(survivor), O=old, HS=humongous(starts), HC=humongous(continues), CS=collection set, F=free, TAMS=top-at-mark-start, PB=parsable bottom
|   0|0x0000000707a00000, 0x0000000707a00000, 0x0000000707c00000|  0%| F|  |TAMS 0x0000000707a00000| PB 0x0000000707a00000| Untracked 
|   1|0x0000000707c00000, 0x0000000707c00000, 0x0000000707e00000|  0%| F|  |TAMS 0x0000000707c00000| PB 0x0000000707c00000| Untracked 
|   2|0x0000000707e00000, 0x0000000707e00000, 0x0000000708000000|  0%| F|  |TAMS 0x0000000707e00000| PB 0x0000000707e00000| Untracked 
|   3|0x0000000708000000, 0x0000000708000000, 0x0000000708200000|  0%| F|  |TAMS 0x0000000708000000| PB 0x0000000708000000| Untracked 
|   4|0x0000000708200000, 0x0000000708200000, 0x0000000708400000|  0%| F|  |TAMS 0x0000000708200000| PB 0x0000000708200000| Untracked 
|   5|0x0000000708400000, 0x0000000708400000, 0x0000000708600000|  0%| F|  |TAMS 0x0000000708400000| PB 0x0000000708400000| Untracked 
|   6|0x0000000708600000, 0x0000000708600000, 0x0000000708800000|  0%| F|  |TAMS 0x0000000708600000| PB 0x0000000708600000| Untracked 
|   7|0x0000000708800000, 0x0000000708800000, 0x0000000708a00000|  0%| F|  |TAMS 0x0000000708800000| PB 0x0000000708800000| Untracked 
|   8|0x0000000708a00000, 0x0000000708a00000, 0x0000000708c00000|  0%| F|  |TAMS 0x0000000708a00000| PB 0x0000000708a00000| Untracked 
|   9|0x0000000708c00000, 0x0000000708c00000, 0x0000000708e00000|  0%| F|  |TAMS 0x0000000708c00000| PB 0x0000000708c00000| Untracked 
|  10|0x0000000708e00000, 0x0000000708e00000, 0x0000000709000000|  0%| F|  |TAMS 0x0000000708e00000| PB 0x0000000708e00000| Untracked 
|  11|0x0000000709000000, 0x0000000709000000, 0x0000000709200000|  0%| F|  |TAMS 0x0000000709000000| PB 0x0000000709000000| Untracked 
|  12|0x0000000709200000, 0x0000000709200000, 0x0000000709400000|  0%| F|  |TAMS 0x0000000709200000| PB 0x0000000709200000| Untracked 
|  13|0x0000000709400000, 0x0000000709400000, 0x0000000709600000|  0%| F|  |TAMS 0x0000000709400000| PB 0x0000000709400000| Untracked 
|  14|0x0000000709600000, 0x0000000709600000, 0x0000000709800000|  0%| F|  |TAMS 0x0000000709600000| PB 0x0000000709600000| Untracked 
|  15|0x0000000709800000, 0x0000000709800000, 0x0000000709a00000|  0%| F|  |TAMS 0x0000000709800000| PB 0x0000000709800000| Untracked 
|  16|0x0000000709a00000, 0x0000000709a00000, 0x0000000709c00000|  0%| F|  |TAMS 0x0000000709a00000| PB 0x0000000709a00000| Untracked 
|  17|0x0000000709c00000, 0x0000000709c00000, 0x0000000709e00000|  0%| F|  |TAMS 0x0000000709c00000| PB 0x0000000709c00000| Untracked 
|  18|0x0000000709e00000, 0x0000000709e00000, 0x000000070a000000|  0%| F|  |TAMS 0x0000000709e00000| PB 0x0000000709e00000| Untracked 
|  19|0x000000070a000000, 0x000000070a000000, 0x000000070a200000|  0%| F|  |TAMS 0x000000070a000000| PB 0x000000070a000000| Untracked 
|  20|0x000000070a200000, 0x000000070a200000, 0x000000070a400000|  0%| F|  |TAMS 0x000000070a200000| PB 0x000000070a200000| Untracked 
|  21|0x000000070a400000, 0x000000070a400000, 0x000000070a600000|  0%| F|  |TAMS 0x000000070a400000| PB 0x000000070a400000| Untracked 
|  22|0x000000070a600000, 0x000000070a600000, 0x000000070a800000|  0%| F|  |TAMS 0x000000070a600000| PB 0x000000070a600000| Untracked 
|  23|0x000000070a800000, 0x000000070a800000, 0x000000070aa00000|  0%| F|  |TAMS 0x000000070a800000| PB 0x000000070a800000| Untracked 
|  24|0x000000070aa00000, 0x000000070aa00000, 0x000000070ac00000|  0%| F|  |TAMS 0x000000070aa00000| PB 0x000000070aa00000| Untracked 
|  25|0x000000070ac00000, 0x000000070ac00000, 0x000000070ae00000|  0%| F|  |TAMS 0x000000070ac00000| PB 0x000000070ac00000| Untracked 
|  26|0x000000070ae00000, 0x000000070ae00000, 0x000000070b000000|  0%| F|  |TAMS 0x000000070ae00000| PB 0x000000070ae00000| Untracked 
|  27|0x000000070b000000, 0x000000070b000000, 0x000000070b200000|  0%| F|  |TAMS 0x000000070b000000| PB 0x000000070b000000| Untracked 
|  28|0x000000070b200000, 0x000000070b200000, 0x000000070b400000|  0%| F|  |TAMS 0x000000070b200000| PB 0x000000070b200000| Untracked 
|  29|0x000000070b400000, 0x000000070b400000, 0x000000070b600000|  0%| F|  |TAMS 0x000000070b400000| PB 0x000000070b400000| Untracked 
|  30|0x000000070b600000, 0x000000070b600000, 0x000000070b800000|  0%| F|  |TAMS 0x000000070b600000| PB 0x000000070b600000| Untracked 
|  31|0x000000070b800000, 0x000000070b800000, 0x000000070ba00000|  0%| F|  |TAMS 0x000000070b800000| PB 0x000000070b800000| Untracked 
|  32|0x000000070ba00000, 0x000000070ba00000, 0x000000070bc00000|  0%| F|  |TAMS 0x000000070ba00000| PB 0x000000070ba00000| Untracked 
|  33|0x000000070bc00000, 0x000000070bc00000, 0x000000070be00000|  0%| F|  |TAMS 0x000000070bc00000| PB 0x000000070bc00000| Untracked 
|  34|0x000000070be00000, 0x000000070be00000, 0x000000070c000000|  0%| F|  |TAMS 0x000000070be00000| PB 0x000000070be00000| Untracked 
|  35|0x000000070c000000, 0x000000070c000000, 0x000000070c200000|  0%| F|  |TAMS 0x000000070c000000| PB 0x000000070c000000| Untracked 
|  36|0x000000070c200000, 0x000000070c200000, 0x000000070c400000|  0%| F|  |TAMS 0x000000070c200000| PB 0x000000070c200000| Untracked 
|  37|0x000000070c400000, 0x000000070c400000, 0x000000070c600000|  0%| F|  |TAMS 0x000000070c400000| PB 0x000000070c400000| Untracked 
|  38|0x000000070c600000, 0x000000070c600000, 0x000000070c800000|  0%| F|  |TAMS 0x000000070c600000| PB 0x000000070c600000| Untracked 
|  39|0x000000070c800000, 0x000000070c800000, 0x000000070ca00000|  0%| F|  |TAMS 0x000000070c800000| PB 0x000000070c800000| Untracked 
|  40|0x000000070ca00000, 0x000000070ca00000, 0x000000070cc00000|  0%| F|  |TAMS 0x000000070ca00000| PB 0x000000070ca00000| Untracked 
|  41|0x000000070cc00000, 0x000000070cc00000, 0x000000070ce00000|  0%| F|  |TAMS 0x000000070cc00000| PB 0x000000070cc00000| Untracked 
|  42|0x000000070ce00000, 0x000000070ce00000, 0x000000070d000000|  0%| F|  |TAMS 0x000000070ce00000| PB 0x000000070ce00000| Untracked 
|  43|0x000000070d000000, 0x000000070d000000, 0x000000070d200000|  0%| F|  |TAMS 0x000000070d000000| PB 0x000000070d000000| Untracked 
|  44|0x000000070d200000, 0x000000070d200000, 0x000000070d400000|  0%| F|  |TAMS 0x000000070d200000| PB 0x000000070d200000| Untracked 
|  45|0x000000070d400000, 0x000000070d400000, 0x000000070d600000|  0%| F|  |TAMS 0x000000070d400000| PB 0x000000070d400000| Untracked 
|  46|0x000000070d600000, 0x000000070d600000, 0x000000070d800000|  0%| F|  |TAMS 0x000000070d600000| PB 0x000000070d600000| Untracked 
|  47|0x000000070d800000, 0x000000070d800000, 0x000000070da00000|  0%| F|  |TAMS 0x000000070d800000| PB 0x000000070d800000| Untracked 
|  48|0x000000070da00000, 0x000000070da00000, 0x000000070dc00000|  0%| F|  |TAMS 0x000000070da00000| PB 0x000000070da00000| Untracked 
|  49|0x000000070dc00000, 0x000000070dc00000, 0x000000070de00000|  0%| F|  |TAMS 0x000000070dc00000| PB 0x000000070dc00000| Untracked 
|  50|0x000000070de00000, 0x000000070de00000, 0x000000070e000000|  0%| F|  |TAMS 0x000000070de00000| PB 0x000000070de00000| Untracked 
|  51|0x000000070e000000, 0x000000070e000000, 0x000000070e200000|  0%| F|  |TAMS 0x000000070e000000| PB 0x000000070e000000| Untracked 
|  52|0x000000070e200000, 0x000000070e200000, 0x000000070e400000|  0%| F|  |TAMS 0x000000070e200000| PB 0x000000070e200000| Untracked 
|  53|0x000000070e400000, 0x000000070e400000, 0x000000070e600000|  0%| F|  |TAMS 0x000000070e400000| PB 0x000000070e400000| Untracked 
|  54|0x000000070e600000, 0x000000070e600000, 0x000000070e800000|  0%| F|  |TAMS 0x000000070e600000| PB 0x000000070e600000| Untracked 
|  55|0x000000070e800000, 0x000000070e800000, 0x000000070ea00000|  0%| F|  |TAMS 0x000000070e800000| PB 0x000000070e800000| Untracked 
|  56|0x000000070ea00000, 0x000000070ea00000, 0x000000070ec00000|  0%| F|  |TAMS 0x000000070ea00000| PB 0x000000070ea00000| Untracked 
|  57|0x000000070ec00000, 0x000000070ec00000, 0x000000070ee00000|  0%| F|  |TAMS 0x000000070ec00000| PB 0x000000070ec00000| Untracked 
|  58|0x000000070ee00000, 0x000000070ee00000, 0x000000070f000000|  0%| F|  |TAMS 0x000000070ee00000| PB 0x000000070ee00000| Untracked 
|  59|0x000000070f000000, 0x000000070f000000, 0x000000070f200000|  0%| F|  |TAMS 0x000000070f000000| PB 0x000000070f000000| Untracked 
|  60|0x000000070f200000, 0x000000070f200000, 0x000000070f400000|  0%| F|  |TAMS 0x000000070f200000| PB 0x000000070f200000| Untracked 
|  61|0x000000070f400000, 0x000000070f400000, 0x000000070f600000|  0%| F|  |TAMS 0x000000070f400000| PB 0x000000070f400000| Untracked 
|  62|0x000000070f600000, 0x000000070f600000, 0x000000070f800000|  0%| F|  |TAMS 0x000000070f600000| PB 0x000000070f600000| Untracked 
|  63|0x000000070f800000, 0x000000070f800000, 0x000000070fa00000|  0%| F|  |TAMS 0x000000070f800000| PB 0x000000070f800000| Untracked 
|  64|0x000000070fa00000, 0x000000070fa00000, 0x000000070fc00000|  0%| F|  |TAMS 0x000000070fa00000| PB 0x000000070fa00000| Untracked 
|  65|0x000000070fc00000, 0x000000070fc00000, 0x000000070fe00000|  0%| F|  |TAMS 0x000000070fc00000| PB 0x000000070fc00000| Untracked 
|  66|0x000000070fe00000, 0x000000070fe00000, 0x0000000710000000|  0%| F|  |TAMS 0x000000070fe00000| PB 0x000000070fe00000| Untracked 
|  67|0x0000000710000000, 0x0000000710000000, 0x0000000710200000|  0%| F|  |TAMS 0x0000000710000000| PB 0x0000000710000000| Untracked 
|  68|0x0000000710200000, 0x0000000710200000, 0x0000000710400000|  0%| F|  |TAMS 0x0000000710200000| PB 0x0000000710200000| Untracked 
|  69|0x0000000710400000, 0x0000000710400000, 0x0000000710600000|  0%| F|  |TAMS 0x0000000710400000| PB 0x0000000710400000| Untracked 
|  70|0x0000000710600000, 0x0000000710600000, 0x0000000710800000|  0%| F|  |TAMS 0x0000000710600000| PB 0x0000000710600000| Untracked 
|  71|0x0000000710800000, 0x0000000710800000, 0x0000000710a00000|  0%| F|  |TAMS 0x0000000710800000| PB 0x0000000710800000| Untracked 
|  72|0x0000000710a00000, 0x0000000710a00000, 0x0000000710c00000|  0%| F|  |TAMS 0x0000000710a00000| PB 0x0000000710a00000| Untracked 
|  73|0x0000000710c00000, 0x0000000710c00000, 0x0000000710e00000|  0%| F|  |TAMS 0x0000000710c00000| PB 0x0000000710c00000| Untracked 
|  74|0x0000000710e00000, 0x0000000710e00000, 0x0000000711000000|  0%| F|  |TAMS 0x0000000710e00000| PB 0x0000000710e00000| Untracked 
|  75|0x0000000711000000, 0x0000000711000000, 0x0000000711200000|  0%| F|  |TAMS 0x0000000711000000| PB 0x0000000711000000| Untracked 
|  76|0x0000000711200000, 0x0000000711200000, 0x0000000711400000|  0%| F|  |TAMS 0x0000000711200000| PB 0x0000000711200000| Untracked 
|  77|0x0000000711400000, 0x0000000711400000, 0x0000000711600000|  0%| F|  |TAMS 0x0000000711400000| PB 0x0000000711400000| Untracked 
|  78|0x0000000711600000, 0x0000000711600000, 0x0000000711800000|  0%| F|  |TAMS 0x0000000711600000| PB 0x0000000711600000| Untracked 
|  79|0x0000000711800000, 0x0000000711800000, 0x0000000711a00000|  0%| F|  |TAMS 0x0000000711800000| PB 0x0000000711800000| Untracked 
|  80|0x0000000711a00000, 0x0000000711a00000, 0x0000000711c00000|  0%| F|  |TAMS 0x0000000711a00000| PB 0x0000000711a00000| Untracked 
|  81|0x0000000711c00000, 0x0000000711c00000, 0x0000000711e00000|  0%| F|  |TAMS 0x0000000711c00000| PB 0x0000000711c00000| Untracked 
|  82|0x0000000711e00000, 0x0000000711e00000, 0x0000000712000000|  0%| F|  |TAMS 0x0000000711e00000| PB 0x0000000711e00000| Untracked 
|  83|0x0000000712000000, 0x0000000712000000, 0x0000000712200000|  0%| F|  |TAMS 0x0000000712000000| PB 0x0000000712000000| Untracked 
|  84|0x0000000712200000, 0x0000000712200000, 0x0000000712400000|  0%| F|  |TAMS 0x0000000712200000| PB 0x0000000712200000| Untracked 
|  85|0x0000000712400000, 0x0000000712400000, 0x0000000712600000|  0%| F|  |TAMS 0x0000000712400000| PB 0x0000000712400000| Untracked 
|  86|0x0000000712600000, 0x0000000712600000, 0x0000000712800000|  0%| F|  |TAMS 0x0000000712600000| PB 0x0000000712600000| Untracked 
|  87|0x0000000712800000, 0x0000000712800000, 0x0000000712a00000|  0%| F|  |TAMS 0x0000000712800000| PB 0x0000000712800000| Untracked 
|  88|0x0000000712a00000, 0x0000000712a00000, 0x0000000712c00000|  0%| F|  |TAMS 0x0000000712a00000| PB 0x0000000712a00000| Untracked 
|  89|0x0000000712c00000, 0x0000000712c00000, 0x0000000712e00000|  0%| F|  |TAMS 0x0000000712c00000| PB 0x0000000712c00000| Untracked 
|  90|0x0000000712e00000, 0x0000000712e00000, 0x0000000713000000|  0%| F|  |TAMS 0x0000000712e00000| PB 0x0000000712e00000| Untracked 
|  91|0x0000000713000000, 0x0000000713000000, 0x0000000713200000|  0%| F|  |TAMS 0x0000000713000000| PB 0x0000000713000000| Untracked 
|  92|0x0000000713200000, 0x0000000713200000, 0x0000000713400000|  0%| F|  |TAMS 0x0000000713200000| PB 0x0000000713200000| Untracked 
|  93|0x0000000713400000, 0x0000000713400000, 0x0000000713600000|  0%| F|  |TAMS 0x0000000713400000| PB 0x0000000713400000| Untracked 
|  94|0x0000000713600000, 0x0000000713600000, 0x0000000713800000|  0%| F|  |TAMS 0x0000000713600000| PB 0x0000000713600000| Untracked 
|  95|0x0000000713800000, 0x0000000713800000, 0x0000000713a00000|  0%| F|  |TAMS 0x0000000713800000| PB 0x0000000713800000| Untracked 
|  96|0x0000000713a00000, 0x0000000713a00000, 0x0000000713c00000|  0%| F|  |TAMS 0x0000000713a00000| PB 0x0000000713a00000| Untracked 
|  97|0x0000000713c00000, 0x0000000713c00000, 0x0000000713e00000|  0%| F|  |TAMS 0x0000000713c00000| PB 0x0000000713c00000| Untracked 
|  98|0x0000000713e00000, 0x0000000713e00000, 0x0000000714000000|  0%| F|  |TAMS 0x0000000713e00000| PB 0x0000000713e00000| Untracked 
|  99|0x0000000714000000, 0x0000000714000000, 0x0000000714200000|  0%| F|  |TAMS 0x0000000714000000| PB 0x0000000714000000| Untracked 
| 100|0x0000000714200000, 0x0000000714200000, 0x0000000714400000|  0%| F|  |TAMS 0x0000000714200000| PB 0x0000000714200000| Untracked 
| 101|0x0000000714400000, 0x0000000714400000, 0x0000000714600000|  0%| F|  |TAMS 0x0000000714400000| PB 0x0000000714400000| Untracked 
| 102|0x0000000714600000, 0x0000000714600000, 0x0000000714800000|  0%| F|  |TAMS 0x0000000714600000| PB 0x0000000714600000| Untracked 
| 103|0x0000000714800000, 0x0000000714800000, 0x0000000714a00000|  0%| F|  |TAMS 0x0000000714800000| PB 0x0000000714800000| Untracked 
| 104|0x0000000714a00000, 0x0000000714a00000, 0x0000000714c00000|  0%| F|  |TAMS 0x0000000714a00000| PB 0x0000000714a00000| Untracked 
| 105|0x0000000714c00000, 0x0000000714c00000, 0x0000000714e00000|  0%| F|  |TAMS 0x0000000714c00000| PB 0x0000000714c00000| Untracked 
| 106|0x0000000714e00000, 0x0000000714e00000, 0x0000000715000000|  0%| F|  |TAMS 0x0000000714e00000| PB 0x0000000714e00000| Untracked 
| 107|0x0000000715000000, 0x0000000715000000, 0x0000000715200000|  0%| F|  |TAMS 0x0000000715000000| PB 0x0000000715000000| Untracked 
| 108|0x0000000715200000, 0x0000000715200000, 0x0000000715400000|  0%| F|  |TAMS 0x0000000715200000| PB 0x0000000715200000| Untracked 
| 109|0x0000000715400000, 0x0000000715400000, 0x0000000715600000|  0%| F|  |TAMS 0x0000000715400000| PB 0x0000000715400000| Untracked 
| 110|0x0000000715600000, 0x0000000715600000, 0x0000000715800000|  0%| F|  |TAMS 0x0000000715600000| PB 0x0000000715600000| Untracked 
| 111|0x0000000715800000, 0x0000000715800000, 0x0000000715a00000|  0%| F|  |TAMS 0x0000000715800000| PB 0x0000000715800000| Untracked 
| 112|0x0000000715a00000, 0x0000000715a00000, 0x0000000715c00000|  0%| F|  |TAMS 0x0000000715a00000| PB 0x0000000715a00000| Untracked 
| 113|0x0000000715c00000, 0x0000000715c00000, 0x0000000715e00000|  0%| F|  |TAMS 0x0000000715c00000| PB 0x0000000715c00000| Untracked 
| 114|0x0000000715e00000, 0x0000000715e00000, 0x0000000716000000|  0%| F|  |TAMS 0x0000000715e00000| PB 0x0000000715e00000| Untracked 
| 115|0x0000000716000000, 0x0000000716000000, 0x0000000716200000|  0%| F|  |TAMS 0x0000000716000000| PB 0x0000000716000000| Untracked 
| 116|0x0000000716200000, 0x0000000716200000, 0x0000000716400000|  0%| F|  |TAMS 0x0000000716200000| PB 0x0000000716200000| Untracked 
| 117|0x0000000716400000, 0x0000000716400000, 0x0000000716600000|  0%| F|  |TAMS 0x0000000716400000| PB 0x0000000716400000| Untracked 
| 118|0x0000000716600000, 0x00000007166e1ce0, 0x0000000716800000| 44%| E|  |TAMS 0x0000000716600000| PB 0x0000000716600000| Complete 
| 119|0x0000000716800000, 0x0000000716a00000, 0x0000000716a00000|100%| E|CS|TAMS 0x0000000716800000| PB 0x0000000716800000| Complete 
| 120|0x0000000716a00000, 0x0000000716c00000, 0x0000000716c00000|100%| E|CS|TAMS 0x0000000716a00000| PB 0x0000000716a00000| Complete 
| 121|0x0000000716c00000, 0x0000000716e00000, 0x0000000716e00000|100%| E|CS|TAMS 0x0000000716c00000| PB 0x0000000716c00000| Complete 
| 122|0x0000000716e00000, 0x0000000717000000, 0x0000000717000000|100%| E|CS|TAMS 0x0000000716e00000| PB 0x0000000716e00000| Complete 
| 123|0x0000000717000000, 0x0000000717200000, 0x0000000717200000|100%| E|CS|TAMS 0x0000000717000000| PB 0x0000000717000000| Complete 
| 124|0x0000000717200000, 0x0000000717400000, 0x0000000717400000|100%| E|CS|TAMS 0x0000000717200000| PB 0x0000000717200000| Complete 

Card table byte_map: [0x000001f31ae40000,0x000001f31b610000] _byte_map_base: 0x000001f317603000

Marking Bits: (CMBitMap*) 0x000001f300764620
 Bits: [0x000001f31b610000, 0x000001f31f428000)

Polling page: 0x000001f3007b0000

Metaspace:

Usage:
  Non-class:      4.52 MB used.
      Class:    431.73 KB used.
       Both:      4.94 MB used.

Virtual space:
  Non-class space:       64.00 MB reserved,       4.56 MB (  7%) committed,  1 nodes.
      Class space:        1.00 GB reserved,     512.00 KB ( <1%) committed,  1 nodes.
             Both:        1.06 GB reserved,       5.06 MB ( <1%) committed. 

Chunk freelists:
   Non-Class:  11.12 MB
       Class:  15.51 MB
        Both:  26.63 MB

MaxMetaspaceSize: unlimited
CompressedClassSpaceSize: 1.00 GB
Initial GC threshold: 21.00 MB
Current GC threshold: 21.00 MB
CDS: on
 - commit_granule_bytes: 65536.
 - commit_granule_words: 8192.
 - virtual_space_node_default_size: 8388608.
 - enlarge_chunks_in_place: 1.
 - use_allocation_guard: 0.


Internal statistics:

num_allocs_failed_limit: 0.
num_arena_births: 76.
num_arena_deaths: 0.
num_vsnodes_births: 2.
num_vsnodes_deaths: 0.
num_space_committed: 81.
num_space_uncommitted: 0.
num_chunks_returned_to_freelist: 0.
num_chunks_taken_from_freelist: 130.
num_chunk_merges: 0.
num_chunk_splits: 86.
num_chunks_enlarged: 58.
num_inconsistent_stats: 0.

CodeHeap 'non-profiled nmethods': size=119168Kb used=250Kb max_used=250Kb free=118917Kb
 bounds [0x000001f312010000, 0x000001f312280000, 0x000001f319470000]
CodeHeap 'profiled nmethods': size=119104Kb used=1272Kb max_used=1272Kb free=117831Kb
 bounds [0x000001f30a470000, 0x000001f30a6e0000, 0x000001f3118c0000]
CodeHeap 'non-nmethods': size=7488Kb used=1974Kb max_used=2003Kb free=5513Kb
 bounds [0x000001f3118c0000, 0x000001f311b30000, 0x000001f312010000]
 total_blobs=1196 nmethods=742 adapters=358
 compilation: enabled
              stopped_count=0, restarted_count=0
 full_count=0

Compilation events (20 events):
Event: 0.902 Thread 0x000001f3229adda0  735       3       java.util.ArrayDeque::poll (5 bytes)
Event: 0.902 Thread 0x000001f3229adda0 nmethod 735 0x000001f30a5a8a10 code [0x000001f30a5a8bc0, 0x000001f30a5a8d20]
Event: 0.904 Thread 0x000001f3681f86a0 nmethod 728 0x000001f31204ba90 code [0x000001f31204bcc0, 0x000001f31204c8e0]
Event: 0.904 Thread 0x000001f3229adda0  736       1       java.nio.HeapByteBuffer::isReadOnly (2 bytes)
Event: 0.904 Thread 0x000001f3681f86a0  734       4       jdk.internal.jimage.ImageStringsReader::unmaskedHashCode (166 bytes)
Event: 0.904 Thread 0x000001f3229adda0 nmethod 736 0x000001f31204d310 code [0x000001f31204d4a0, 0x000001f31204d568]
Event: 0.904 Thread 0x000001f3228b0ad0  737       3       java.nio.Buffer::limit (65 bytes)
Event: 0.904 Thread 0x000001f3228b0ad0 nmethod 737 0x000001f30a5a8e10 code [0x000001f30a5a8fe0, 0x000001f30a5a92b0]
Event: 0.905 Thread 0x000001f3228b0ad0  738       3       jdk.internal.loader.URLClassPath::getResource (74 bytes)
Event: 0.905 Thread 0x000001f3228b0ad0 nmethod 738 0x000001f30a5a9390 code [0x000001f30a5a9560, 0x000001f30a5a98c8]
Event: 0.907 Thread 0x000001f3228aff10 nmethod 732 0x000001f31204d610 code [0x000001f31204d7c0, 0x000001f31204dd48]
Event: 0.907 Thread 0x000001f3228aff10  731       4       java.lang.String::toString (2 bytes)
Event: 0.907 Thread 0x000001f3681f86a0 nmethod 734 0x000001f31204e010 code [0x000001f31204e1a0, 0x000001f31204e4b0]
Event: 0.907 Thread 0x000001f3228aff10 nmethod 731 0x000001f31204e690 code [0x000001f31204e820, 0x000001f31204e8a8]
Event: 0.908 Thread 0x000001f3228b0ad0  741       3       jdk.internal.jimage.ImageStringsReader::stringFromByteBufferMatches (138 bytes)
Event: 0.908 Thread 0x000001f3229adda0  739       3       jdk.internal.jimage.ImageStringsReader::match (11 bytes)
Event: 0.909 Thread 0x000001f3229adda0 nmethod 739 0x000001f30a5a9a10 code [0x000001f30a5a9bc0, 0x000001f30a5a9db8]
Event: 0.909 Thread 0x000001f3229adda0  740       3       jdk.internal.jimage.BasicImageReader::match (37 bytes)
Event: 0.909 Thread 0x000001f3229adda0 nmethod 740 0x000001f30a5a9e90 code [0x000001f30a5aa060, 0x000001f30a5aa348]
Event: 0.909 Thread 0x000001f3229adda0  742       3       jdk.internal.jimage.ImageLocation::verifyName (161 bytes)

GC Heap History (0 events):
No events

Dll operation events (11 events):
Event: 0.188 Loaded shared library C:\Users\DELL\Desktop\IDEA-Dev\IDEA-Dev\jdk-21.0.6\bin\java.dll
Event: 0.189 Loaded shared library C:\Users\DELL\Desktop\IDEA-Dev\IDEA-Dev\jdk-21.0.6\bin\zip.dll
Event: 0.225 Loaded shared library C:\Users\DELL\Desktop\IDEA-Dev\IDEA-Dev\jdk-21.0.6\bin\jsvml.dll
Event: 0.649 Loaded shared library C:\Users\DELL\Desktop\IDEA-Dev\IDEA-Dev\jdk-21.0.6\bin\instrument.dll
Event: 0.716 Loaded shared library C:\Users\DELL\Desktop\IDEA-Dev\IDEA-Dev\jdk-21.0.6\bin\net.dll
Event: 0.717 Loaded shared library C:\Users\DELL\Desktop\IDEA-Dev\IDEA-Dev\jdk-21.0.6\bin\nio.dll
Event: 0.726 Loaded shared library C:\Users\DELL\Desktop\IDEA-Dev\IDEA-Dev\jdk-21.0.6\bin\zip.dll
Event: 0.775 Loaded shared library C:\Users\DELL\Desktop\IDEA-Dev\IDEA-Dev\jdk-21.0.6\bin\verify.dll
Event: 0.784 Loaded shared library C:\Users\DELL\Desktop\IDEA-Dev\IDEA-Dev\jdk-21.0.6\bin\jimage.dll
Event: 0.826 Loaded shared library C:\Users\DELL\AppData\Local\Temp\libgdxDELL\e787ab0a\gdx64.dll
Event: 0.880 Loaded shared library C:\Users\DELL\AppData\Local\Temp\lwjglDELL\3.3.1-build-7\lwjgl.dll

Deoptimization events (20 events):
Event: 0.696 Thread 0x000001f300363970 Uncommon trap: trap_request=0xffffff45 fr.pc=0x000001f3120270b8 relative=0x00000000000004d8
Event: 0.696 Thread 0x000001f300363970 Uncommon trap: reason=unstable_if action=reinterpret pc=0x000001f3120270b8 method=java.lang.StringLatin1.replace([BCC)Ljava/lang/String; @ 19 c2
Event: 0.696 Thread 0x000001f300363970 DEOPT PACKING pc=0x000001f3120270b8 sp=0x000000d45a8fef30
Event: 0.696 Thread 0x000001f300363970 DEOPT UNPACKING pc=0x000001f3119146a2 sp=0x000000d45a8feeb0 mode 2
Event: 0.728 Thread 0x000001f300363970 DEOPT PACKING pc=0x000001f30a47ca73 sp=0x000000d45a8f9e70
Event: 0.728 Thread 0x000001f300363970 DEOPT UNPACKING pc=0x000001f311914e42 sp=0x000000d45a8f9290 mode 0
Event: 0.731 Thread 0x000001f300363970 DEOPT PACKING pc=0x000001f30a47aed4 sp=0x000000d45a8fa1d0
Event: 0.731 Thread 0x000001f300363970 DEOPT UNPACKING pc=0x000001f311914e42 sp=0x000000d45a8f9638 mode 0
Event: 0.761 Thread 0x000001f300363970 DEOPT PACKING pc=0x000001f30a4c4a53 sp=0x000000d45a8f8bf0
Event: 0.761 Thread 0x000001f300363970 DEOPT UNPACKING pc=0x000001f311914e42 sp=0x000000d45a8f81c0 mode 0
Event: 0.823 Thread 0x000001f300363970 Uncommon trap: trap_request=0xffffff45 fr.pc=0x000001f312030a94 relative=0x0000000000000074
Event: 0.823 Thread 0x000001f300363970 Uncommon trap: reason=unstable_if action=reinterpret pc=0x000001f312030a94 method=java.io.WinNTFileSystem.isSlash(C)Z @ 9 c2
Event: 0.824 Thread 0x000001f300363970 DEOPT PACKING pc=0x000001f312030a94 sp=0x000000d45a8fe690
Event: 0.824 Thread 0x000001f300363970 DEOPT UNPACKING pc=0x000001f3119146a2 sp=0x000000d45a8fe628 mode 2
Event: 0.878 Thread 0x000001f300363970 Uncommon trap: trap_request=0xffffff45 fr.pc=0x000001f312031b70 relative=0x0000000000000050
Event: 0.878 Thread 0x000001f300363970 Uncommon trap: reason=unstable_if action=reinterpret pc=0x000001f312031b70 method=sun.nio.fs.WindowsPathParser.isSlash(C)Z @ 9 c2
Event: 0.878 Thread 0x000001f300363970 DEOPT PACKING pc=0x000001f312031b70 sp=0x000000d45a8fb6f0
Event: 0.878 Thread 0x000001f300363970 DEOPT UNPACKING pc=0x000001f3119146a2 sp=0x000000d45a8fb688 mode 2
Event: 0.899 Thread 0x000001f300363970 DEOPT PACKING pc=0x000001f30a4e6f83 sp=0x000000d45a8fc020
Event: 0.899 Thread 0x000001f300363970 DEOPT UNPACKING pc=0x000001f311914e42 sp=0x000000d45a8fb480 mode 0

Classes loaded (20 events):
Event: 0.899 Loading class org/lwjgl/system/MemoryUtil$MemoryAllocator
Event: 0.899 Loading class org/lwjgl/system/MemoryUtil$MemoryAllocator done
Event: 0.899 Loading class org/lwjgl/system/MemoryManage
Event: 0.899 Loading class org/lwjgl/system/MemoryManage done
Event: 0.900 Loading class org/lwjgl/system/jemalloc/JEmallocAllocator
Event: 0.900 Loading class org/lwjgl/system/jemalloc/JEmallocAllocator done
Event: 0.900 Loading class org/lwjgl/system/jemalloc/JEmalloc
Event: 0.900 Loading class org/lwjgl/system/jemalloc/JEmalloc done
Event: 0.905 Loading class org/lwjgl/system/APIUtil$1
Event: 0.905 Loading class org/lwjgl/system/APIUtil$1 done
Event: 0.905 Loading class org/lwjgl/system/windows/WindowsLibrary
Event: 0.905 Loading class org/lwjgl/system/windows/WindowsLibrary done
Event: 0.906 Loading class org/lwjgl/system/SharedLibrary$Default
Event: 0.906 Loading class org/lwjgl/system/SharedLibrary$Default done
Event: 0.906 Loading class org/lwjgl/system/windows/WinBase
Event: 0.906 Loading class org/lwjgl/system/windows/WinBase done
Event: 0.907 Loading class org/lwjgl/system/ThreadLocalUtil
Event: 0.907 Loading class org/lwjgl/system/ThreadLocalUtil done
Event: 0.909 Loading class org/lwjgl/system/jemalloc/JEmalloc$Functions
Event: 0.909 Loading class org/lwjgl/system/jemalloc/JEmalloc$Functions done

Classes unloaded (0 events):
No events

Classes redefined (1 events):
Event: 0.674 Thread 0x000001f3224d05c0 redefined class name=java.lang.Throwable, count=1

Internal exceptions (19 events):
Event: 0.650 Thread 0x000001f300363970 Exception <a 'java/lang/NoSuchMethodError'{0x000000071711fd38}: 'void java.lang.invoke.DirectMethodHandle$Holder.invokeStatic(java.lang.Object, java.lang.Object, java.lang.Object)'> (0x000000071711fd38) 
thrown [s\open\src\hotspot\share\interpreter\linkResolver.cpp, line 773]
Event: 0.653 Thread 0x000001f300363970 Exception <a 'java/lang/NoSuchMethodError'{0x00000007171372c0}: 'java.lang.Object java.lang.invoke.Invokers$Holder.invokeExact_MT(java.lang.Object, java.lang.Object, java.lang.Object, java.lang.Object, java.lang.Object)'> (0x00000007171372c0) 
thrown [s\open\src\hotspot\share\interpreter\linkResolver.cpp, line 773]
Event: 0.849 Thread 0x000001f300363970 Exception <a 'java/lang/NoSuchMethodError'{0x0000000716bca630}: 'void java.lang.invoke.DirectMethodHandle$Holder.invokeStatic(java.lang.Object, java.lang.Object)'> (0x0000000716bca630) 
thrown [s\open\src\hotspot\share\interpreter\linkResolver.cpp, line 773]
Event: 0.850 Thread 0x000001f300363970 Exception <a 'java/lang/NoSuchMethodError'{0x0000000716bdbc68}: 'void java.lang.System.load(java.lang.String, java.lang.Class)'> (0x0000000716bdbc68) 
thrown [s\open\src\hotspot\share\interpreter\linkResolver.cpp, line 773]
Event: 0.850 Thread 0x000001f300363970 Exception <a 'java/lang/NoSuchMethodError'{0x0000000716bdc658}: 'void java.lang.invoke.DirectMethodHandle$Holder.invokeSpecial(java.lang.Object, java.lang.Object, java.lang.Object)'> (0x0000000716bdc658) 
thrown [s\open\src\hotspot\share\interpreter\linkResolver.cpp, line 773]
Event: 0.853 Thread 0x000001f300363970 Exception <a 'java/lang/NoSuchMethodError'{0x0000000716befe30}: 'java.lang.Object java.lang.invoke.DirectMethodHandle$Holder.invokeStatic(java.lang.Object, java.lang.Object, int)'> (0x0000000716befe30) 
thrown [s\open\src\hotspot\share\interpreter\linkResolver.cpp, line 773]
Event: 0.854 Thread 0x000001f300363970 Exception <a 'java/lang/NoSuchMethodError'{0x0000000716bfb2d0}: 'void java.lang.invoke.DelegatingMethodHandle$Holder.delegate(java.lang.Object, java.lang.Object, int, java.lang.Object)'> (0x0000000716bfb2d0) 
thrown [s\open\src\hotspot\share\interpreter\linkResolver.cpp, line 773]
Event: 0.855 Thread 0x000001f300363970 Exception <a 'java/lang/NoSuchMethodError'{0x0000000716bfef90}: 'int java.lang.invoke.DirectMethodHandle$Holder.invokeSpecial(java.lang.Object, java.lang.Object, java.lang.Object)'> (0x0000000716bfef90) 
thrown [s\open\src\hotspot\share\interpreter\linkResolver.cpp, line 773]
Event: 0.859 Thread 0x000001f300363970 Exception <a 'java/lang/NoSuchMethodError'{0x000000071681b2f0}: 'void java.lang.System.loadLibrary(java.lang.String, java.lang.Class)'> (0x000000071681b2f0) 
thrown [s\open\src\hotspot\share\interpreter\linkResolver.cpp, line 773]
Event: 0.879 Thread 0x000001f300363970 Exception <a 'sun/nio/fs/WindowsException'{0x0000000716929e70}> (0x0000000716929e70) 
thrown [s\open\src\hotspot\share\prims\jni.cpp, line 520]
Event: 0.879 Thread 0x000001f300363970 Exception <a 'sun/nio/fs/WindowsException'{0x000000071692b4b0}> (0x000000071692b4b0) 
thrown [s\open\src\hotspot\share\prims\jni.cpp, line 520]
Event: 0.888 Thread 0x000001f300363970 Exception <a 'java/lang/NoSuchMethodError'{0x0000000716987358}: 'int java.lang.invoke.DirectMethodHandle$Holder.invokeStaticInit(java.lang.Object, java.lang.Object, int, long)'> (0x0000000716987358) 
thrown [s\open\src\hotspot\share\interpreter\linkResolver.cpp, line 773]
Event: 0.889 Thread 0x000001f300363970 Exception <a 'java/lang/NoSuchMethodError'{0x000000071698c3c0}: 'java.lang.Object java.lang.invoke.DirectMethodHandle$Holder.newInvokeSpecial(java.lang.Object, java.lang.Object, int)'> (0x000000071698c3c0) 
thrown [s\open\src\hotspot\share\interpreter\linkResolver.cpp, line 773]
Event: 0.890 Thread 0x000001f300363970 Exception <a 'java/lang/NoSuchMethodError'{0x00000007169a2968}: 'int java.lang.invoke.DirectMethodHandle$Holder.invokeStaticInit(java.lang.Object, java.lang.Object, long, long)'> (0x00000007169a2968) 
thrown [s\open\src\hotspot\share\interpreter\linkResolver.cpp, line 773]
Event: 0.891 Thread 0x000001f300363970 Exception <a 'java/lang/NoSuchMethodError'{0x00000007169a8210}: 'java.lang.Object java.lang.invoke.DirectMethodHandle$Holder.newInvokeSpecial(java.lang.Object, java.lang.Object, long)'> (0x00000007169a8210) 
thrown [s\open\src\hotspot\share\interpreter\linkResolver.cpp, line 773]
Event: 0.891 Thread 0x000001f300363970 Exception <a 'java/lang/NoSuchMethodError'{0x00000007169abff8}: 'java.lang.Object java.lang.invoke.Invokers$Holder.linkToTargetMethod(java.lang.Object, long, java.lang.Object)'> (0x00000007169abff8) 
thrown [s\open\src\hotspot\share\interpreter\linkResolver.cpp, line 773]
Event: 0.892 Thread 0x000001f300363970 Exception <a 'java/lang/NoSuchMethodError'{0x00000007169b30c0}: 'int java.lang.invoke.DirectMethodHandle$Holder.invokeStaticInit(java.lang.Object, java.lang.Object, java.lang.Object, long)'> (0x00000007169b30c0) 
thrown [s\open\src\hotspot\share\interpreter\linkResolver.cpp, line 773]
Event: 0.904 Thread 0x000001f300363970 Exception <a 'sun/nio/fs/WindowsException'{0x000000071664c370}> (0x000000071664c370) 
thrown [s\open\src\hotspot\share\prims\jni.cpp, line 520]
Event: 0.905 Thread 0x000001f300363970 Exception <a 'sun/nio/fs/WindowsException'{0x000000071664c720}> (0x000000071664c720) 
thrown [s\open\src\hotspot\share\prims\jni.cpp, line 520]

ZGC Phase Switch (0 events):
No events

VM Operations (16 events):
Event: 0.283 Executing VM operation: HandshakeAllThreads (Deoptimize)
Event: 0.283 Executing VM operation: HandshakeAllThreads (Deoptimize) done
Event: 0.644 Executing VM operation: ChangeBreakpoints
Event: 0.644 Executing VM operation: ChangeBreakpoints done
Event: 0.646 Executing VM operation: ChangeBreakpoints
Event: 0.646 Executing VM operation: ChangeBreakpoints done
Event: 0.674 Executing VM operation: RedefineClasses
Event: 0.675 Executing VM operation: RedefineClasses done
Event: 0.685 Executing VM operation: get/set locals
Event: 0.685 Executing VM operation: get/set locals done
Event: 0.821 Executing VM operation: HandshakeAllThreads (Deoptimize)
Event: 0.821 Executing VM operation: HandshakeAllThreads (Deoptimize) done
Event: 0.823 Executing VM operation: HandshakeAllThreads (Deoptimize)
Event: 0.823 Executing VM operation: HandshakeAllThreads (Deoptimize) done
Event: 0.853 Executing VM operation: HandshakeAllThreads (Deoptimize)
Event: 0.853 Executing VM operation: HandshakeAllThreads (Deoptimize) done

Events (18 events):
Event: 0.204 Thread 0x000001f300363970 Thread added: 0x000001f300363970
Event: 0.220 Thread 0x000001f3224efc90 Thread added: 0x000001f3224efc90
Event: 0.221 Thread 0x000001f3224f08e0 Thread added: 0x000001f3224f08e0
Event: 0.221 Thread 0x000001f3224fb3b0 Thread added: 0x000001f3224fb3b0
Event: 0.221 Thread 0x000001f3224fc4f0 Thread added: 0x000001f3224fc4f0
Event: 0.222 Thread 0x000001f3224fdbe0 Thread added: 0x000001f3224fdbe0
Event: 0.222 Thread 0x000001f3224fe760 Thread added: 0x000001f3224fe760
Event: 0.222 Thread 0x000001f3228aff10 Thread added: 0x000001f3228aff10
Event: 0.223 Thread 0x000001f3228b0ad0 Thread added: 0x000001f3228b0ad0
Event: 0.227 Thread 0x000001f3229adda0 Thread added: 0x000001f3229adda0
Event: 0.278 Thread 0x000001f322a49f30 Thread added: 0x000001f322a49f30
Event: 0.292 Thread 0x000001f322a745c0 Thread added: 0x000001f322a745c0
Event: 0.413 Thread 0x000001f322b86660 Thread added: 0x000001f322b86660
Event: 0.414 Thread 0x000001f322bf61e0 Thread added: 0x000001f322bf61e0
Event: 0.414 Thread 0x000001f322bf6860 Thread added: 0x000001f322bf6860
Event: 0.635 Thread 0x000001f322a745c0 Thread exited: 0x000001f322a745c0
Event: 0.694 Thread 0x000001f322bac7a0 Thread added: 0x000001f322bac7a0
Event: 0.750 Thread 0x000001f3681f86a0 Thread added: 0x000001f3681f86a0


Dynamic libraries:
0x00007ff621fc0000 - 0x00007ff621fd0000 	C:\Users\DELL\Desktop\IDEA-Dev\IDEA-Dev\jdk-21.0.6\bin\java.exe
0x00007ff8e0660000 - 0x00007ff8e08c6000 	C:\WINDOWS\SYSTEM32\ntdll.dll
0x00007ff8df0f0000 - 0x00007ff8df1b9000 	C:\WINDOWS\System32\KERNEL32.DLL
0x00007ff8ddf80000 - 0x00007ff8de37f000 	C:\WINDOWS\System32\KERNELBASE.dll
0x00007ff8ddb70000 - 0x00007ff8ddcbc000 	C:\WINDOWS\System32\ucrtbase.dll
0x00007ff8cbcc0000 - 0x00007ff8cbcd9000 	C:\Users\DELL\Desktop\IDEA-Dev\IDEA-Dev\jdk-21.0.6\bin\jli.dll
0x00007ff8dea90000 - 0x00007ff8deb4c000 	C:\WINDOWS\System32\ADVAPI32.dll
0x00007ff8cb1e0000 - 0x00007ff8cb1fb000 	C:\Users\DELL\Desktop\IDEA-Dev\IDEA-Dev\jdk-21.0.6\bin\VCRUNTIME140.dll
0x00007ff8de9d0000 - 0x00007ff8dea79000 	C:\WINDOWS\System32\msvcrt.dll
0x00007ff8df390000 - 0x00007ff8df43a000 	C:\WINDOWS\System32\sechost.dll
0x00007ff8de480000 - 0x00007ff8de598000 	C:\WINDOWS\System32\RPCRT4.dll
0x00007ff8df1c0000 - 0x00007ff8df386000 	C:\WINDOWS\System32\USER32.dll
0x00007ff8dd9b0000 - 0x00007ff8dd9d7000 	C:\WINDOWS\System32\win32u.dll
0x00007ff8df6e0000 - 0x00007ff8df70b000 	C:\WINDOWS\System32\GDI32.dll
0x00007ff892460000 - 0x00007ff8926f1000 	C:\WINDOWS\WinSxS\amd64_microsoft.windows.common-controls_6595b64144ccf1df_6.0.26100.8972_none_3e0da176e32f9d4b\COMCTL32.dll
0x00007ff8dde50000 - 0x00007ff8ddf79000 	C:\WINDOWS\System32\gdi32full.dll
0x00007ff8dd900000 - 0x00007ff8dd9a3000 	C:\WINDOWS\System32\msvcp_win.dll
0x00007ff8ce850000 - 0x00007ff8ce85b000 	C:\WINDOWS\SYSTEM32\VERSION.dll
0x00007ff8de5a0000 - 0x00007ff8de5d2000 	C:\WINDOWS\System32\IMM32.DLL
0x00007ff8d0d00000 - 0x00007ff8d0d0c000 	C:\Users\DELL\Desktop\IDEA-Dev\IDEA-Dev\jdk-21.0.6\bin\vcruntime140_1.dll
0x00007ff8bd390000 - 0x00007ff8bd41e000 	C:\Users\DELL\Desktop\IDEA-Dev\IDEA-Dev\jdk-21.0.6\bin\msvcp140.dll
0x00007fffbb520000 - 0x00007fffbc23a000 	C:\Users\DELL\Desktop\IDEA-Dev\IDEA-Dev\jdk-21.0.6\bin\server\jvm.dll
0x00007ff8df440000 - 0x00007ff8df4c2000 	C:\WINDOWS\System32\WS2_32.dll
0x00007ff8dd6d0000 - 0x00007ff8dd72e000 	C:\WINDOWS\SYSTEM32\POWRPROF.dll
0x00007ff8cb730000 - 0x00007ff8cb766000 	C:\WINDOWS\SYSTEM32\WINMM.dll
0x00007ff8dd6b0000 - 0x00007ff8dd6c5000 	C:\WINDOWS\SYSTEM32\UMPDC.dll
0x00007ff8dc560000 - 0x00007ff8dc57b000 	C:\WINDOWS\SYSTEM32\kernel.appcore.dll
0x00007ff8ce880000 - 0x00007ff8ce88a000 	C:\Users\DELL\Desktop\IDEA-Dev\IDEA-Dev\jdk-21.0.6\bin\jimage.dll
0x00007ff8daf70000 - 0x00007ff8db1b2000 	C:\WINDOWS\SYSTEM32\DBGHELP.DLL
0x00007ff8e0150000 - 0x00007ff8e04d5000 	C:\WINDOWS\System32\combase.dll
0x00007ff8de5e0000 - 0x00007ff8de6b9000 	C:\WINDOWS\System32\OLEAUT32.dll
0x00007ff8b9400000 - 0x00007ff8b943b000 	C:\WINDOWS\SYSTEM32\dbgcore.DLL
0x00007ff8ddd90000 - 0x00007ff8dde3c000 	C:\WINDOWS\System32\bcryptPrimitives.dll
0x00007ff8c1060000 - 0x00007ff8c109c000 	C:\Users\DELL\Desktop\IDEA-Dev\IDEA-Dev\jdk-21.0.6\bin\jdwp.dll
0x00007ff8cc0e0000 - 0x00007ff8cc0ef000 	C:\Users\DELL\Desktop\IDEA-Dev\IDEA-Dev\jdk-21.0.6\bin\instrument.dll
0x00007ff8cb1c0000 - 0x00007ff8cb1df000 	C:\Users\DELL\Desktop\IDEA-Dev\IDEA-Dev\jdk-21.0.6\bin\java.dll
0x00007ff8c10b0000 - 0x00007ff8c10c8000 	C:\Users\DELL\Desktop\IDEA-Dev\IDEA-Dev\jdk-21.0.6\bin\zip.dll
0x00007ff8df8d0000 - 0x00007ff8e0058000 	C:\WINDOWS\System32\SHELL32.dll
0x00007ff8db300000 - 0x00007ff8dbb9b000 	C:\WINDOWS\SYSTEM32\windows.storage.dll
0x00007ff8deff0000 - 0x00007ff8df0e9000 	C:\WINDOWS\System32\SHCORE.dll
0x00007ff8e04f0000 - 0x00007ff8e0556000 	C:\WINDOWS\System32\shlwapi.dll
0x00007ff8dd790000 - 0x00007ff8dd7b9000 	C:\WINDOWS\SYSTEM32\profapi.dll
0x00007ff87c410000 - 0x00007ff87c4e7000 	C:\Users\DELL\Desktop\IDEA-Dev\IDEA-Dev\jdk-21.0.6\bin\jsvml.dll
0x00007ff8d1210000 - 0x00007ff8d121c000 	C:\Users\DELL\Desktop\IDEA-Dev\IDEA-Dev\jdk-21.0.6\bin\dt_socket.dll
0x00007ff8dbf10000 - 0x00007ff8dbf43000 	C:\WINDOWS\SYSTEM32\IPHLPAPI.DLL
0x00007ff8dcb10000 - 0x00007ff8dcb7c000 	C:\WINDOWS\system32\mswsock.dll
0x00007ff8c3540000 - 0x00007ff8c3550000 	C:\Users\DELL\Desktop\IDEA-Dev\IDEA-Dev\jdk-21.0.6\bin\net.dll
0x00007ff8cea10000 - 0x00007ff8ceb38000 	C:\WINDOWS\SYSTEM32\WINHTTP.dll
0x00007ff8c0ed0000 - 0x00007ff8c0ee6000 	C:\Users\DELL\Desktop\IDEA-Dev\IDEA-Dev\jdk-21.0.6\bin\nio.dll
0x00007ff8c10a0000 - 0x00007ff8c10b0000 	C:\Users\DELL\Desktop\IDEA-Dev\IDEA-Dev\jdk-21.0.6\bin\verify.dll
0x0000000054180000 - 0x00000000541a9000 	C:\Users\DELL\AppData\Local\Temp\libgdxDELL\e787ab0a\gdx64.dll
0x00007ff8b0ca0000 - 0x00007ff8b0d15000 	C:\Users\DELL\AppData\Local\Temp\lwjglDELL\3.3.1-build-7\lwjgl.dll
0x00007ff85c440000 - 0x00007ff85c699000 	C:\Users\DELL\AppData\Local\Temp\lwjglDELL\3.3.1-build-7\jemalloc.dll

dbghelp: loaded successfully - version: 4.0.5 - missing functions: none
symbol engine: initialized successfully - sym options: 0x614 - pdb path: .;C:\Users\DELL\Desktop\IDEA-Dev\IDEA-Dev\jdk-21.0.6\bin;C:\WINDOWS\SYSTEM32;C:\WINDOWS\WinSxS\amd64_microsoft.windows.common-controls_6595b64144ccf1df_6.0.26100.8972_none_3e0da176e32f9d4b;C:\Users\DELL\Desktop\IDEA-Dev\IDEA-Dev\jdk-21.0.6\bin\server;C:\Users\DELL\AppData\Local\Temp\libgdxDELL\e787ab0a;C:\Users\DELL\AppData\Local\Temp\lwjglDELL\3.3.1-build-7

VM Arguments:
jvm_args: -Ddebugger.agent.enable.coroutines=true -Dkotlinx.coroutines.debug.enable.creation.stack.trace=false -Dkotlinx.coroutines.debug.enable.flows.stack.trace=true -Dkotlinx.coroutines.debug.enable.mutable.state.flows.stack.trace=true -agentlib:jdwp=transport=dt_socket,server=n,suspend=y,address=127.0.0.1:52447 -javaagent:C:\Users\DELL\Desktop\IDEA-Dev\IDEA-Dev\ideaIU-2024.3.2.2\plugins\java\lib\rt\debugger-agent.jar -Dfile.encoding=UTF-8 -Duser.country=CN -Duser.language=zh -Duser.variant 
java_command: com.csse3200.game.desktop.DesktopLauncher
java_class_path (initial): C:\Users\DELL\2026-studio-4\source\desktop\build\classes\java\main;C:\Users\DELL\2026-studio-4\source\desktop\build\resources\main;C:\Users\DELL\.gradle\caches\modules-2\files-2.1\com.badlogicgames.gdx\gdx-backend-lwjgl3\1.11.0\58a96db4cd349be4292d547856aa1e1c5f065f4e\gdx-backend-lwjgl3-1.11.0.jar;C:\Users\DELL\.gradle\caches\modules-2\files-2.1\com.badlogicgames.gdx\gdx-platform\1.11.0\697fb13eada6d3c6ca648c9788692b0159add126\gdx-platform-1.11.0-natives-desktop.jar;C:\Users\DELL\.gradle\caches\modules-2\files-2.1\com.badlogicgames.gdx\gdx-box2d-platform\1.11.0\62ff9baa1e57a11e0a4428a38c9660bf9f312fdc\gdx-box2d-platform-1.11.0-natives-desktop.jar;C:\Users\DELL\.gradle\caches\modules-2\files-2.1\com.badlogicgames.gdx\gdx-tools\1.11.0\a5d30eafd0f2fbab314efdf6d98ebc27388b7c0a\gdx-tools-1.11.0.jar;C:\Users\DELL\.gradle\caches\modules-2\files-2.1\com.badlogicgames.gdx-controllers\gdx-controllers-desktop\2.2.2\625b3bdbe803e9c4af181b4791202cfcf776d805\gdx-controllers-desktop-2.2.2.jar;C:\Users\DELL\2026-studio-4\source\core\build\libs\core-1.0.jar;C:\Users\DELL\.gradle\caches\modules-2\files-2.1\com.badlogicgames.gdx\gdx-backend-lwjgl\1.11.0\33555a2cf8b4d9db4122b2fe42e7674b343d8b4\gdx-backend-lwjgl-1.11.0.jar;C:\Users\DELL\.gradle\caches\modules-2\files-2.1\com.badlogicgames.gdx\gdx-freetype\1.11.0\a3634ad2e6c56d251268d6ab5c0f66eee2841f2c\gdx-freetype-1.11.0.jar;C:\Users\DELL\.gradle\caches\modules-2\files-2.1\com.badlogicgames.gdx\gdx-backend-headless\1.11.0\3c3d0c951db72891d894df1725d09179fd0bca00\gdx-backend-headless-1.11.0.jar;C:\Users\DELL\.gradle\caches\modules-2\files-2.1\com.badlogicgames.gdx-controllers\gdx-controllers-core\2.2.2\25473efe9273912a03a4871a9e1469b41d86face\gdx-controllers-core-2.2.2.jar;C:\Users\DELL\.gradle\caches\modules-2\files-2.1\net.dermetfan.libgdx-utils\libgdx-utils-box2d\0.13.4\918d79a20ea3c898cdb3611782c5b2bfa6ec575b\libgdx-utils-box2d-0.13.4.jar;C:\Users\DELL\.gradle\caches\modules-2\files-2.1\com.badlogicgames.gdx\gdx-box2d\1.11.0\ad4facee800dd945d6d6e93dea2936bc135b5f\gdx-box2d-1.11.0.jar;C:\Users\DELL\.gradle\caches\modules-2\files-2.1\net.dermetfan.libgdx-utils\libgdx-utils\0.13.4\27affad2873d1c9c366a2290fc51f3927f3a5f83\libgdx-utils-0.13.4.jar;C:\Users\DELL\.gradle\caches\modules-2\files-2.1\com.badlogicgames.gdx\gdx\1.11.0\ffe1206d1004cd9e40027e28964be0fea0399af7\gdx-1.11.0.jar;C:\Users\DELL\.gradle\caches\modules-2\files-2.1\org.lwjgl\lwjgl-glfw\3.3.1\cbac1b8d30cb4795149c1ef540f912671a8616d0\lwjgl-glfw-3.3.1.jar;C:\Users\DELL\.gradle\caches\modules-2\files-2.1\org.lwjgl\lwjgl-glfw\3.3.1\81716978214ecbda15050ca394b06ef61501a49e\lwjgl-glfw-3.3.1-natives-linux.jar;C:\Users\DELL\.gradle\caches\modules-2\files-2.1\org.lwjgl\lwjgl-glfw\3.3.1\816d935933f2dd743074c4e717cc25b55720f294\lwjgl-glfw-3.3.1-natives-linux-arm32.jar;C:\Users\DELL\.gradle\caches\modules-2\files-2.1\org.lwjgl\lwjgl-glfw\3.3.1\513eb39b866d0fe131a18d5c517087805433b029\lwjgl-glfw-3.3.1-natives-linux-arm64.jar;C:\Users\DELL\.gradle\caches\modules-2\files-2.1\org.lwjgl\lwjgl-glfw\3.3.1\9ec4ce1fc8c85fdef03ef4ff2aace6f5775fb280\lwjgl-glfw-3.3.1-natives-macos.jar;C:\Users\DELL\.gradle\caches\modules-2\files-2.1\org.lwjgl\lwjgl-glfw\3.3.1\cac0d3f712a3da7641fa174735a5f315de7ffe0a\lwjgl-glfw-3.3.1-natives-macos-arm64.jar;C:\Users\DELL\.gradle\caches\modules-2\files-2.1\org.lwjgl\lwjgl-glfw\3.3.1\ed892f945cf7e79c8756796f32d00fa4ceaf573b\lwjgl-glfw-3.3.1-natives-windows.jar;C:\Users\DELL\.gradle\caches\modules-2\files-2.1\org.lwjgl\lwjgl-glfw\3.3.1\b997e3391d6ce8f05487e7335d95c606043884a1\lwjgl-glfw-3.3.1-natives-windows-x86.jar;C:\Users\DELL\.gradle\caches\modules-2\files-2.1\org.lwjgl\lwjgl-jemalloc\3.3.1\a817bcf213db49f710603677457567c37d53e103\lwjgl-jemalloc-3.3.1.jar;C:\Users\DELL\.gradle\caches\modules-2\files-2.1\org.lwjgl\lwjgl-jemalloc\3.3.1\33dbb017b6ed6b25f993ad9d56741a49e7937718\lwjgl-jemalloc-3.3.1-natives-linux.jar;C:\Users\DELL\.gradle\caches\modules-2\files-2.1\org.lwjgl\lwjgl-jemalloc\3.3.1\a96a6d6cb3876d7813fcee53c3c24f246aeba3b3\lwjgl-jemalloc-3.3.1-natives-linux-arm32.jar;C:\Users\DELL\.gradle\caches\modules-2\files-2.1\org.lwjgl\lwjgl-jemalloc\3.3.1\c6606e57db075ad218a2e78d2416c159a53b6a0c\lwjgl-jemalloc-3.3.1-natives-linux-arm64.jar;C:\Users\DELL\.gradle\caches\modules-2\files-2.1\org.lwjgl\lwjgl-jemalloc\3.3.1\56424dc8db3cfb8e7b594aa6d59a4f4387b7f544\lwjgl-jemalloc-3.3.1-natives-macos.jar;C:\Users\DELL\.gradle\caches\modules-2\files-2.1\org.lwjgl\lwjgl-jemalloc\3.3.1\e577b87d8ad2ade361aaea2fcf226c660b15dee8\lwjgl-jemalloc-3.3.1-natives-macos-arm64.jar;C:\Users\DELL\.gradle\caches\modules-2\files-2.1\org.lwjgl\lwjgl-jemalloc\3.3.1\948a89b76a16aa324b046ae9308891216ffce5f9\lwjgl-jemalloc-3.3.1-natives-windows.jar;C:\Users\DELL\.gradle\caches\modules-2\files-2.1\org.lwjgl\lwjgl-jemalloc\3.3.1\fb476c8ec110e1c137ad3ce8a7f7bfe6b11c6324\lwjgl-jemalloc-3.3.1-natives-windows-x86.jar;C:\Users\DELL\.gradle\caches\modules-2\files-2.1\org.lwjgl\lwjgl-openal\3.3.1\2623a6b8ae1dfcd880738656a9f0243d2e6840bd\lwjgl-openal-3.3.1.jar;C:\Users\DELL\.gradle\caches\modules-2\files-2.1\org.lwjgl\lwjgl-openal\3.3.1\f906b6439f6daa66001182ea7727e3467a93681b\lwjgl-openal-3.3.1-natives-linux.jar;C:\Users\DELL\.gradle\caches\modules-2\files-2.1\org.lwjgl\lwjgl-openal\3.3.1\ffbe35d7fa5ec9b7eca136a7c71f24d4025a510b\lwjgl-openal-3.3.1-natives-linux-arm32.jar;C:\Users\DELL\.gradle\caches\modules-2\files-2.1\org.lwjgl\lwjgl-openal\3.3.1\cf4e303257e82981b8b2e31bba3d7f8f7b8f42b2\lwjgl-openal-3.3.1-natives-linux-arm64.jar;C:\Users\DELL\.gradle\caches\modules-2\files-2.1\org.lwjgl\lwjgl-openal\3.3.1\3a57b8911835fb58b5e558d0ca0d28157e263d45\lwjgl-openal-3.3.1-natives-macos.jar;C:\Users\DELL\.gradle\caches\modules-2\files-2.1\org.lwjgl\lwjgl-openal\3.3.1\23d55e7490b57495320f6c9e1936d78fd72c4ef8\lwjgl-openal-3.3.1-natives-macos-arm64.jar;C:\Users\DELL\.gradle\caches\modules-2\files-2.1\org.lwjgl\lwjgl-openal\3.3.1\30a474d0e57193d7bc128849a3ab66bc9316fdb1\lwjgl-openal-3.3.1-natives-windows.jar;C:\Users\DELL\.gradle\caches\modules-2\files-2.1\org.lwjgl\lwjgl-openal\3.3.1\888349f7b1be6fbae58bf8edfb9ef12def04c4e3\lwjgl-openal-3.3.1-natives-windows-x86.jar;C:\Users\DELL\.gradle\caches\modules-2\files-2.1\org.lwjgl\lwjgl-opengl\3.3.1\831a5533a21a5f4f81bbc51bb13e9899319b5411\lwjgl-opengl-3.3.1.jar;C:\Users\DELL\.gradle\caches\modules-2\files-2.1\org.lwjgl\lwjgl-opengl\3.3.1\ab9ab6fde3743e3550fa5d46d785ecb45b047d99\lwjgl-opengl-3.3.1-natives-linux.jar;C:\Users\DELL\.gradle\caches\modules-2\files-2.1\org.lwjgl\lwjgl-opengl\3.3.1\e3550fa91097fd56e361b4370fa822220fef3595\lwjgl-opengl-3.3.1-natives-linux-arm32.jar;C:\Users\DELL\.gradle\caches\modules-2\files-2.1\org.lwjgl\lwjgl-opengl\3.3.1\1c528fb258a6e63e8fceb4482d8db0f3af10a634\lwjgl-opengl-3.3.1-natives-linux-arm64.jar;C:\Users\DELL\.gradle\caches\modules-2\files-2.1\org.lwjgl\lwjgl-opengl\3.3.1\a0d12697ea019a7362eff26475b0531340e876a6\lwjgl-opengl-3.3.1-natives-macos.jar;C:\Users\DELL\.gradle\caches\modules-2\files-2.1\org.lwjgl\lwjgl-opengl\3.3.1\eafe34b871d966292e8db0f1f3d6b8b110d4e91d\lwjgl-opengl-3.3.1-natives-macos-arm64.jar;C:\Users\DELL\.gradle\caches\modules-2\files-2.1\org.lwjgl\lwjgl-opengl\3.3.1\c1807e9bd571402787d7e37e3029776ae2513bb8\lwjgl-opengl-3.3.1-natives-windows.jar;C:\Users\DELL\.gradle\caches\modules-2\files-2.1\org.lwjgl\lwjgl-opengl\3.3.1\deef3eb9b178ff2ff3ce893cc72ae741c3a17974\lwjgl-opengl-3.3.1-natives-windows-x86.jar;C:\Users\DELL\.gradle\caches\modules-2\files-2.1\org.lwjgl\lwjgl-stb\3.3.1\b119297cf8ed01f247abe8685857f8e7fcf5980f\lwjgl-stb-3.3.1.jar;C:\Users\DELL\.gradle\caches\modules-2\files-2.1\org.lwjgl\lwjgl-stb\3.3.1\3ee7aec8686e52867677110415566a5342a80230\lwjgl-stb-3.3.1-natives-linux.jar;C:\Users\DELL\.gradle\caches\modules-2\files-2.1\org.lwjgl\lwjgl-stb\3.3.1\b08226bab162c06ae69337d8a1b0ee0a3fdf0b90\lwjgl-stb-3.3.1-natives-linux-arm32.jar;C:\Users\DELL\.gradle\caches\modules-2\files-2.1\org.lwjgl\lwjgl-stb\3.3.1\8e8348a1813aad7f30aaf75ea197151ebb7beba9\lwjgl-stb-3.3.1-natives-linux-arm64.jar;C:\Users\DELL\.gradle\caches\modules-2\files-2.1\org.lwjgl\lwjgl-stb\3.3.1\def8879b8d38a47a4cc1d48b1f9a7b772e51258e\lwjgl-stb-3.3.1-natives-macos.jar;C:\Users\DELL\.gradle\caches\modules-2\files-2.1\org.lwjgl\lwjgl-stb\3.3.1\fcf073ed911752abdca5f0b00a53cfdf17ff8e8b\lwjgl-stb-3.3.1-natives-macos-arm64.jar;C:\Users\DELL\.gradle\caches\modules-2\files-2.1\org.lwjgl\lwjgl-stb\3.3.1\86315914ac119efdb02dc9e8e978ade84f1702af\lwjgl-stb-3.3.1-natives-windows.jar;C:\Users\DELL\.gradle\caches\modules-2\files-2.1\org.lwjgl\lwjgl-stb\3.3.1\a8d41f419eecb430b7c91ea2ce2c5c451cae2091\lwjgl-stb-3.3.1-natives-windows-x86.jar;C:\Users\DELL\.gradle\caches\modules-2\files-2.1\org.lwjgl\lwjgl\3.3.1\ae58664f88e18a9bb2c77b063833ca7aaec484cb\lwjgl-3.3.1.jar;C:\Users\DELL\.gradle\caches\modules-2\files-2.1\org.lwjgl\lwjgl\3.3.1\1de885aba434f934201b99f2f1afb142036ac189\lwjgl-3.3.1-natives-linux.jar;C:\Users\DELL\.gradle\caches\modules-2\files-2.1\org.lwjgl\lwjgl\3.3.1\41a3c1dd15d6b964eb8196dde69720a3e3e5e969\lwjgl-3.3.1-natives-linux-arm32.jar;C:\Users\DELL\.gradle\caches\modules-2\files-2.1\org.lwjgl\lwjgl\3.3.1\b597401014acb7196c76d97e15a6288f54f1f692\lwjgl-3.3.1-natives-linux-arm64.jar;C:\Users\DELL\.gradle\caches\modules-2\files-2.1\org.lwjgl\lwjgl\3.3.1\fc6bb723dec2cd031557dccb2a95f0ab80acb9db\lwjgl-3.3.1-natives-macos.jar;C:\Users\DELL\.gradle\caches\modules-2\files-2.1\org.lwjgl\lwjgl\3.3.1\71d0d5e469c9c95351eb949064497e3391616ac9\lwjgl-3.3.1-natives-macos-arm64.jar;C:\Users\DELL\.gradle\caches\modules-2\files-2.1\org.lwjgl\lwjgl\3.3.1\36c37f16ab611b3aa11f3bcf80b1d509b4ce6b\lwjgl-3.3.1-natives-windows.jar;C:\Users\DELL\.gradle\caches\modules-2\files-2.1\org.lwjgl\lwjgl\3.3.1\3b14f4beae9dd39791ec9e12190a9380cd8a3ce6\lwjgl-3.3.1-natives-windows-x86.jar;C:\Users\DELL\.gradle\caches\modules-2\files-2.1\com.badlogicgames.jlayer\jlayer\1.0.1-gdx\7cca83cec5c1b2f011362f4d85aabd71a73b049d\jlayer-1.0.1-gdx.jar;C:\Users\DELL\.gradle\caches\modules-2\files-2.1\org.jcraft\jorbis\0.0.17\8872d22b293e8f5d7d56ff92be966e6dc28ebdc6\jorbis-0.0.17.jar;C:\Users\DELL\.gradle\caches\modules-2\files-2.1\com.badlogicgames.jamepad\jamepad\2.0.20.0\55eb0007fd55c9914d106dac3387b9d444572cab\jamepad-2.0.20.0.jar;C:\Users\DELL\.gradle\caches\modules-2\files-2.1\org.slf4j\slf4j-jdk14\1.7.36\4a18af6554bfe48b0f76eec98119c417da23c7e1\slf4j-jdk14-1.7.36.jar;C:\Users\DELL\.gradle\caches\modules-2\files-2.1\org.slf4j\slf4j-api\1.7.36\6c62681a2f655b49963a5983b8b0950a6120ae14\slf4j-api-1.7.36.jar;C:\Users\DELL\.gradle\caches\modules-2\files-2.1\com.badlogicgames.gdx\gdx-jnigen-loader\2.3.1\2d472f69243631fbcb3d4c3f93dd2e137a6cb084\gdx-jnigen-loader-2.3.1.jar;C:\Users\DELL\.gradle\caches\modules-2\files-2.1\org.lwjgl.lwjgl\lwjgl\2.9.3\3df168ac74e4a8c96562cdff24ad352e255bf89c\lwjgl-2.9.3.jar;C:\Users\DELL\.gradle\caches\modules-2\files-2.1\org.lwjgl.lwjgl\lwjgl-platform\2.9.3\fbc2afb3e288578e9942578decb6291a490549a0\lwjgl-platform-2.9.3-natives-windows.jar;C:\Users\DELL\.gradle\caches\modules-2\files-2.1\org.lwjgl.lwjgl\lwjgl-platform\2.9.3\b1eafe80093381c56415731e1d64279e6140bcd0\lwjgl-platform-2.9.3-natives-linux.jar;C:\Users\DELL\.gradle\caches\modules-2\files-2.1\org.lwjgl.lwjgl\lwjgl-platform\2.9.3\6686cf6ddaa20b4290aa6599a09bc0d17369be05\lwjgl-platform-2.9.3-natives-osx.jar;C:\Users\DELL\.gradle\caches\modules-2\files-2.1\net.java.jinput\jinput\2.0.5\39c7796b469a600f72380316f6b1f11db6c2c7c4\jinput-2.0.5.jar;C:\Users\DELL\.gradle\caches\modules-2\files-2.1\net.java.jutils\jutils\1.0.0\e12fe1fda814bd348c1579329c86943d2cd3c6a6\jutils-1.0.0.jar;C:\Users\DELL\.gradle\caches\modules-2\files-2.1\net.java.jinput\jinput-platform\2.0.5\7ff832a6eb9ab6a767f1ade2b548092d0fa64795\jinput-platform-2.0.5-natives-linux.jar;C:\Users\DELL\.gradle\caches\modules-2\files-2.1\net.java.jinput\jinput-platform\2.0.5\385ee093e01f587f30ee1c8a2ee7d408fd732e16\jinput-platform-2.0.5-natives-windows.jar;C:\Users\DELL\.gradle\caches\modules-2\files-2.1\net.java.jinput\jinput-platform\2.0.5\53f9c919f34d2ca9de8c51fc4e1e8282029a9232\jinput-platform-2.0.5-natives-osx.jar
Launcher Type: SUN_STANDARD

[Global flags]
     intx CICompilerCount                          = 12                                        {product} {ergonomic}
     uint ConcGCThreads                            = 4                                         {product} {ergonomic}
     uint G1ConcRefinementThreads                  = 16                                        {product} {ergonomic}
   size_t G1HeapRegionSize                         = 2097152                                   {product} {ergonomic}
    uintx GCDrainStackTargetSize                   = 64                                        {product} {ergonomic}
   size_t InitialHeapSize                          = 262144000                                 {product} {ergonomic}
   size_t MarkStackSize                            = 4194304                                   {product} {ergonomic}
   size_t MaxHeapSize                              = 4167041024                                {product} {ergonomic}
   size_t MaxNewSize                               = 2499805184                                {product} {ergonomic}
   size_t MinHeapDeltaBytes                        = 2097152                                   {product} {ergonomic}
   size_t MinHeapSize                              = 8388608                                   {product} {ergonomic}
    uintx NonNMethodCodeHeapSize                   = 7602480                                {pd product} {ergonomic}
    uintx NonProfiledCodeHeapSize                  = 122027880                              {pd product} {ergonomic}
    uintx ProfiledCodeHeapSize                     = 122027880                              {pd product} {ergonomic}
    uintx ReservedCodeCacheSize                    = 251658240                              {pd product} {ergonomic}
     bool SegmentedCodeCache                       = true                                      {product} {ergonomic}
   size_t SoftMaxHeapSize                          = 4167041024                             {manageable} {ergonomic}
     bool UseCompressedOops                        = true                           {product lp64_product} {ergonomic}
     bool UseG1GC                                  = true                                      {product} {ergonomic}
     bool UseLargePagesIndividualAllocation        = false                                  {pd product} {ergonomic}

Logging:
Log output configuration:
 #0: stdout all=warning uptime,level,tags foldmultilines=false
 #1: stderr all=off uptime,level,tags foldmultilines=false

Environment Variables:
JAVA_HOME=C:\Users\DELL\Desktop\IDEA-Dev\IDEA-Dev\\jdk-21.0.6
PATH=C:\Users\DELL\Desktop\IDEA-Dev\IDEA-Dev\\jdk-21.0.6\bin
USERNAME=DELL
OS=Windows_NT
PROCESSOR_IDENTIFIER=Intel64 Family 6 Model 170 Stepping 4, GenuineIntel
TMP=C:\Users\DELL\AppData\Local\Temp
TEMP=C:\Users\DELL\AppData\Local\Temp




Periodic native trim disabled

---------------  S Y S T E M  ---------------

OS:
 Windows 11 , 64 bit Build 26100 (10.0.26100.9168)
OS uptime: 6 days 6:25 hours
Hyper-V role detected

CPU: total 22 (initial active 22) (11 cores per cpu, 2 threads per core) family 6 model 170 stepping 4 microcode 0x28, cx8, cmov, fxsr, ht, mmx, 3dnowpref, sse, sse2, sse3, ssse3, sse4.1, sse4.2, popcnt, lzcnt, tsc, tscinvbit, avx, avx2, aes, erms, clmul, bmi1, bmi2, adx, sha, fma, vzeroupper, clflush, clflushopt, clwb, hv, serialize, rdtscp, rdpid, fsrm, f16c, cet_ibt, cet_ss
Processor Information for processor 0
  Max Mhz: 1400, Current Mhz: 1400, Mhz Limit: 1400
Processor Information for processor 1
  Max Mhz: 1400, Current Mhz: 1400, Mhz Limit: 1400
Processor Information for processor 2
  Max Mhz: 3800, Current Mhz: 900, Mhz Limit: 874
Processor Information for processor 3
  Max Mhz: 3800, Current Mhz: 900, Mhz Limit: 874
Processor Information for processor 4
  Max Mhz: 3800, Current Mhz: 900, Mhz Limit: 874
Processor Information for processor 5
  Max Mhz: 3800, Current Mhz: 900, Mhz Limit: 874
Processor Information for processor 6
  Max Mhz: 3800, Current Mhz: 900, Mhz Limit: 874
Processor Information for processor 7
  Max Mhz: 3800, Current Mhz: 900, Mhz Limit: 874
Processor Information for processor 8
  Max Mhz: 3800, Current Mhz: 900, Mhz Limit: 874
Processor Information for processor 9
  Max Mhz: 3800, Current Mhz: 900, Mhz Limit: 874
Processor Information for processor 10
  Max Mhz: 1400, Current Mhz: 1400, Mhz Limit: 1400
Processor Information for processor 11
  Max Mhz: 1400, Current Mhz: 1400, Mhz Limit: 1400
Processor Information for processor 12
  Max Mhz: 1400, Current Mhz: 1400, Mhz Limit: 1400
Processor Information for processor 13
  Max Mhz: 1400, Current Mhz: 1400, Mhz Limit: 1400
Processor Information for processor 14
  Max Mhz: 1400, Current Mhz: 1400, Mhz Limit: 1400
Processor Information for processor 15
  Max Mhz: 1400, Current Mhz: 1400, Mhz Limit: 1400
Processor Information for processor 16
  Max Mhz: 1400, Current Mhz: 1400, Mhz Limit: 1400
Processor Information for processor 17
  Max Mhz: 1400, Current Mhz: 1400, Mhz Limit: 1400
Processor Information for processor 18
  Max Mhz: 1400, Current Mhz: 1400, Mhz Limit: 1400
Processor Information for processor 19
  Max Mhz: 1400, Current Mhz: 1400, Mhz Limit: 1400
Processor Information for processor 20
  Max Mhz: 2500, Current Mhz: 700, Mhz Limit: 700
Processor Information for processor 21
  Max Mhz: 2500, Current Mhz: 700, Mhz Limit: 700

Memory: 4k page, system-wide physical 15892M (507M free)
TotalPageFile size 50824M (AvailPageFile size 1599M)
current process WorkingSet (physical memory assigned to process): 67M, peak: 67M
current process commit charge ("private bytes"): 367M, peak: 367M

vm_info: Java HotSpot(TM) 64-Bit Server VM (21.0.6+8-LTS-188) for windows-amd64 JRE (21.0.6+8-LTS-188), built on 2024-12-03T10:50:54Z by "mach5one" with MS VC++ 17.6 (VS2022)

END.
